satyam@Mrityunjay-Singh MINGW64 ~/OneDrive/Desktop/JavaFullStack
$ git init
Initialized empty Git repository in C:/Users/satyam/OneDrive/Desktop/JavaFullStack/.git/

satyam@Mrityunjay-Singh MINGW64 ~/OneDrive/Desktop/JavaFullStack (master)
$ git status
On branch master

No commits yet

Untracked files:
  (use "git add <file>..." to include in what will be committed)
        hello.java

nothing added to commit but untracked files present (use "git add" to track)

satyam@Mrityunjay-Singh MINGW64 ~/OneDrive/Desktop/JavaFullStack (master)
$ git status
On branch master

No commits yet

Untracked files:
  (use "git add <file>..." to include in what will be committed)
        data.java
        hello.java

nothing added to commit but untracked files present (use "git add" to track)

satyam@Mrityunjay-Singh MINGW64 ~/OneDrive/Desktop/JavaFullStack (master)
$ git add hello.java

satyam@Mrityunjay-Singh MINGW64 ~/OneDrive/Desktop/JavaFullStack (master)
$ git add data.java

satyam@Mrityunjay-Singh MINGW64 ~/OneDrive/Desktop/JavaFullStack (master)
$ git status
On branch master

No commits yet

Changes to be committed:
  (use "git rm --cached <file>..." to unstage)
        new file:   data.java
        new file:   hello.java


satyam@Mrityunjay-Singh MINGW64 ~/OneDrive/Desktop/JavaFullStack (master)
$ git rm --cached hello.java
rm 'hello.java'

satyam@Mrityunjay-Singh MINGW64 ~/OneDrive/Desktop/JavaFullStack (master)
$ git status
On branch master

No commits yet

Changes to be committed:
  (use "git rm --cached <file>..." to unstage)
        new file:   data.java

Untracked files:
  (use "git add <file>..." to include in what will be committed)
        hello.java


satyam@Mrityunjay-Singh MINGW64 ~/OneDrive/Desktop/JavaFullStack (master)
$ git add hello.java

satyam@Mrityunjay-Singh MINGW64 ~/OneDrive/Desktop/JavaFullStack (master)
$ git status
On branch master

No commits yet

Changes to be committed:
  (use "git rm --cached <file>..." to unstage)
        new file:   data.java
        new file:   hello.java


satyam@Mrityunjay-Singh MINGW64 ~/OneDrive/Desktop/JavaFullStack (master)
$ git status
On branch master

No commits yet

Changes to be committed:
  (use "git rm --cached <file>..." to unstage)
        new file:   data.java
        new file:   hello.java

Changes not staged for commit:
  (use "git add <file>..." to update what will be committed)
  (use "git restore <file>..." to discard changes in working directory)
        modified:   data.java


satyam@Mrityunjay-Singh MINGW64 ~/OneDrive/Desktop/JavaFullStack (master)
$ git restore data.java

satyam@Mrityunjay-Singh MINGW64 ~/OneDrive/Desktop/JavaFullStack (master)
$ git staus
git: 'staus' is not a git command. See 'git --help'.

The most similar command is
        status

satyam@Mrityunjay-Singh MINGW64 ~/OneDrive/Desktop/JavaFullStack (master)
$ git status
On branch master

No commits yet

Changes to be committed:
  (use "git rm --cached <file>..." to unstage)
        new file:   data.java
        new file:   hello.java


satyam@Mrityunjay-Singh MINGW64 ~/OneDrive/Desktop/JavaFullStack (master)
$ git commit -m "first commit"
Author identity unknown

*** Please tell me who you are.

Run

  git config --global user.email "you@example.com"
  git config --global user.name "Your Name"

to set your account's default identity.
Omit --global to set the identity only in this repository.

fatal: unable to auto-detect email address (got 'satyam@Mrityunjay-Singh.(none)')

satyam@Mrityunjay-Singh MINGW64 ~/OneDrive/Desktop/JavaFullStack (master)
$ git config --global user.email "mrityunjaysingh898@gmail.com"

satyam@Mrityunjay-Singh MINGW64 ~/OneDrive/Desktop/JavaFullStack (master)
$ git config --global user.name "MrityunjaySing"

satyam@Mrityunjay-Singh MINGW64 ~/OneDrive/Desktop/JavaFullStack (master)
$ git status
On branch master

No commits yet

Changes to be committed:
  (use "git rm --cached <file>..." to unstage)
        new file:   data.java
        new file:   hello.java


satyam@Mrityunjay-Singh MINGW64 ~/OneDrive/Desktop/JavaFullStack (master)
$ git commit -m "first commit"
[master (root-commit) db427a3] first commit
 2 files changed, 5 insertions(+)
 create mode 100644 data.java
 create mode 100644 hello.java

satyam@Mrityunjay-Singh MINGW64 ~/OneDrive/Desktop/JavaFullStack (master)
$ git  branch -M main

satyam@Mrityunjay-Singh MINGW64 ~/OneDrive/Desktop/JavaFullStack (main)
$ git  remote add origin https://github.com/MrityunjaySing/JavaFullStack.git

satyam@Mrityunjay-Singh MINGW64 ~/OneDrive/Desktop/JavaFullStack (main)
$ git push -u origin main
Enumerating objects: 4, done.
Counting objects: 100% (4/4), done.
Delta compression using up to 2 threads
Compressing objects: 100% (3/3), done.
Writing objects: 100% (4/4), 335 bytes | 47.00 KiB/s, done.
Total 4 (delta 0), reused 0 (delta 0), pack-reused 0
To https://github.com/MrityunjaySing/JavaFullStack.git
 * [new branch]      main -> main
branch 'main' set up to track 'origin/main'.

satyam@Mrityunjay-Singh MINGW64 ~/OneDrive/Desktop/JavaFullStack (main)
$
